patel@Jaimini MINGW64 /d/git hub
$ git status
fatal: not a git repository (or any of the parent directories): .git

patel@Jaimini MINGW64 /d/git hub
$ git init
Initialized empty Git repository in D:/git hub/.git/

patel@Jaimini MINGW64 /d/git hub (master)
$ git status
On branch master

No commits yet

Untracked files:
  (use "git add <file>..." to include in what will be committed)
        Git-2.39.1-64-bit.exe
        db.accdb.accdb
        myexcel.xlsx
        text.txt

nothing added to commit but untracked files present (use "git add" to track)

patel@Jaimini MINGW64 /d/git hub (master)
$ git add -a
error: unknown switch `a'
usage: git add [<options>] [--] <pathspec>...

    -n, --dry-run         dry run
    -v, --verbose         be verbose

    -i, --interactive     interactive picking
    -p, --patch           select hunks interactively
    -e, --edit            edit current diff and apply
    -f, --force           allow adding otherwise ignored files
    -u, --update          update tracked files
    --renormalize         renormalize EOL of tracked files (implies -u)
    -N, --intent-to-add   record only the fact that the path will be added later
    -A, --all             add changes from all tracked and untracked files
    --ignore-removal      ignore paths removed in the working tree (same as --no-all)
    --refresh             don't add, only refresh the index
    --ignore-errors       just skip files which cannot be added because of errors
    --ignore-missing      check if - even missing - files are ignored in dry run
    --sparse              allow updating entries outside of the sparse-checkout cone
    --chmod (+|-)x        override the executable bit of the listed files
    --pathspec-from-file <file>
                          read pathspec from file
    --pathspec-file-nul   with --pathspec-from-file, pathspec elements are separated with NUL character


patel@Jaimini MINGW64 /d/git hub (master)
$ git add --a

patel@Jaimini MINGW64 /d/git hub (master)
$ git status
On branch master

No commits yet

Changes to be committed:
  (use "git rm --cached <file>..." to unstage)
        new file:   Git-2.39.1-64-bit.exe
        new file:   db.accdb.accdb
        new file:   myexcel.xlsx
        new file:   text.txt


patel@Jaimini MINGW64 /d/git hub (master)
$ git commit -m "initial commit"
[master (root-commit) 3bbde43] initial commit
 4 files changed, 0 insertions(+), 0 deletions(-)
 create mode 100644 Git-2.39.1-64-bit.exe
 create mode 100644 db.accdb.accdb
 create mode 100644 myexcel.xlsx
 create mode 100644 text.txt

patel@Jaimini MINGW64 /d/git hub (master)
$ git status
On branch master
nothing to commit, working tree clean

patel@Jaimini MINGW64 /d/git hub (master)
$ git log
commit 3bbde43c29fa8bf436a99b990ed1be6b8ce47ecd (HEAD -> master)
Author: jaimini <pateljaimini211@gmail.com>
Date:   Fri Feb 10 10:19:38 2023 +0100

    initial commit

patel@Jaimini MINGW64 /d/git hub (master)
$ git status
On branch master
Changes not staged for commit:
  (use "git add/rm <file>..." to update what will be committed)
  (use "git restore <file>..." to discard changes in working directory)
        deleted:    Git-2.39.1-64-bit.exe
        modified:   myexcel.xlsx
        modified:   text.txt

no changes added to commit (use "git add" and/or "git commit -a")

patel@Jaimini MINGW64 /d/git hub (master)
$ git add text.txt

patel@Jaimini MINGW64 /d/git hub (master)
$ git status
On branch master
Changes to be committed:
  (use "git restore --staged <file>..." to unstage)
        modified:   text.txt

Changes not staged for commit:
  (use "git add/rm <file>..." to update what will be committed)
  (use "git restore <file>..." to discard changes in working directory)
        deleted:    Git-2.39.1-64-bit.exe
        modified:   myexcel.xlsx


patel@Jaimini MINGW64 /d/git hub (master)
$ git commit -m "changed text.txt and added better design"
[master d0f31b8] changed text.txt and added better design
 1 file changed, 2 insertions(+)

patel@Jaimini MINGW64 /d/git hub (master)
$ rm -rf .git

patel@Jaimini MINGW64 /d/git hub
$ git status
fatal: not a git repository (or any of the parent directories): .git

patel@Jaimini MINGW64 /d/git hub
$ git clone https://github.com/tensorflow/tensorflow.git
