command file:-
if i have created a new file on same directory then how to push it to github

patel@Jaimini MINGW64 /d/git hub (master)
$ git status
On branch master
Your branch is up to date with 'origin/master'.

Untracked files:
  (use "git add <file>..." to include in what will be committed)
        demo.txt

nothing added to commit but untracked files present (use "git add" to track)

patel@Jaimini MINGW64 /d/git hub (master)
$ git add .

patel@Jaimini MINGW64 /d/git hub (master)
$ git commit -m "added demo.txt git hub"
[master f85b3d2] added demo.txt git hub
 1 file changed, 2 insertions(+)
 create mode 100644 demo.txt

patel@Jaimini MINGW64 /d/git hub (master)
$ git push -u origin main
error: src refspec main does not match any
error: failed to push some refs to 'https://github.com/pateljaimini/git-hub.git'

patel@Jaimini MINGW64 /d/git hub (master)
$ git push -u origin master
Enumerating objects: 4, done.
Counting objects: 100% (4/4), done.
Compressing objects: 100% (3/3), done.
Writing objects: 100% (3/3), 347 bytes | 347.00 KiB/s, done.
Total 3 (delta 1), reused 0 (delta 0), pack-reused 0
remote: Resolving deltas: 100% (1/1), completed with 1 local object.
To https://github.com/pateljaimini/git-hub.git
   35bd8ce..f85b3d2  master -> master
branch 'master' set up to track 'origin/master'.

patel@Jaimini MINGW64 /d/git hub (master)
$
