patel@Jaimini MINGW64 /d/git hub/new project
$ git status
fatal: detected dubious ownership in repository at 'D:/'
'D:/' is owned by:
        'S-1-5-32-544'
but the current user is:
        'S-1-5-21-1964529458-4095441397-333189003-1001'
To add an exception for this directory, call:

        git config --global --add safe.directory D:/

patel@Jaimini MINGW64 /d/git hub/new project
$ git init
Initialized empty Git repository in D:/git hub/new project/.git/

patel@Jaimini MINGW64 /d/git hub/new project (master)
$ git status
On branch master

No commits yet

Untracked files:
  (use "git add <file>..." to include in what will be committed)
        index.html

nothing added to commit but untracked files present (use "git add" to track)

patel@Jaimini MINGW64 /d/git hub/new project (master)
$   git add .

patel@Jaimini MINGW64 /d/git hub/new project (master)
$  git commit -m 'initial commit'[master (root-commit) 1834827] initial commit
 1 file changed, 48 insertions(+)
 create mode 100644 index.html

patel@Jaimini MINGW64 /d/git hub/new project (master)
$ git status                     On branch master
nothing to commit, working tree clean

patel@Jaimini MINGW64 /d/git hub/new project (master)
$ git checkout -b trybranch
Switched to a new branch 'trybranch'

patel@Jaimini MINGW64 /d/git hub/new project (trybranch)
$ git status
On branch trybranch
Changes not staged for commit:
  (use "git add <file>..." to update what will be committed)
  (use "git restore <file>..." to discard changes in working directory)
        modified:   index.html

no changes added to commit (use "git add" and/or "git commit -a")

patel@Jaimini MINGW64 /d/git hub/new project (trybranch)
$   git add .                    
patel@Jaimini MINGW64 /d/git hub/new project (trybranch)
$  git commit -m 'broken'
[trybranch 0050e40] broken
 1 file changed, 2 insertions(+), 2 deletions(-)

patel@Jaimini MINGW64 /d/git hub/new project (trybranch)
$ git checkout master
Switched to branch 'master'

patel@Jaimini MINGW64 /d/git hub/new project (master)
$   git add .

patel@Jaimini MINGW64 /d/git hub/new project (master)
$  git commit -m 'added about'
[master 05e8b20] added about
 1 file changed, 1 insertion(+), 1 deletion(-)

patel@Jaimini MINGW64 /d/git hub/new project (master)
$ git checkout trybranch
Switched to branch 'trybranch'

patel@Jaimini MINGW64 /d/git hub/new project (trybranch)
$ git status
On branch trybranch
Changes not staged for commit:
  (use "git add <file>..." to update what will be committed)
  (use "git restore <file>..." to discard changes in working directory)
        modified:   index.html

no changes added to commit (use "git add" and/or "git commit -a")

patel@Jaimini MINGW64 /d/git hub/new project (trybranch)
$   git add .

patel@Jaimini MINGW64 /d/git hub/new project (trybranch)
$  git commit -m 'fixed structure'
[trybranch 109e7c3] fixed structure
 1 file changed, 7 insertions(+), 7 deletions(-)

patel@Jaimini MINGW64 /d/git hub/new project (trybranch)
$ git checkout master
Switched to branch 'master'

patel@Jaimini MINGW64 /d/git hub/new project (master)
$ git checkout trybranch         Switched to branch 'trybranch'

patel@Jaimini MINGW64 /d/git hub/new project (trybranch)
$  git commit -a -m 'made changes to dropdown'
[trybranch 2683949] made changes to dropdown
 1 file changed, 1 insertion(+), 1 deletion(-)

patel@Jaimini MINGW64 /d/git hub/new project (trybranch)
$ git checkout master            Switched to branch 'master'

patel@Jaimini MINGW64 /d/git hub/new project (master)
$ git status                     On branch master
nothing to commit, working tree clean

patel@Jaimini MINGW64 /d/git hub/new project (master)
$ git merge trybranch
Auto-merging index.html
CONFLICT (content): Merge conflict in index.html
Automatic merge failed; fix conflicts and then commit the result.

patel@Jaimini MINGW64 /d/git hub/new project (master|MERGING)
$ git status
On branch master
You have unmerged paths.
  (fix conflicts and run "git commit")
  (use "git merge --abort" to abort the merge)

Unmerged paths:
  (use "git add <file>..." to mark resolution)
        both modified:   index.html

no changes added to commit (use "[master 0bcdf21] Merge branch 'trybranch'
